// Jest Snapshot v1, https://goo.gl/fbAQLP

exports[`should render Detail popup 1`] = `
<div
  class="popup show"
  data-testid="error-popup"
>
  <span
    class="close"
  >
    ×
  </span>
  <div>
    test
  </div>
</div>
`;

exports[`should render Error popup 1`] = `
<div
  class="popup show"
  data-testid="error-popup"
>
  <span
    class="close"
  >
    ×
  </span>
  <div>
    test
  </div>
</div>
`;
